2023-08-24 15:17:52,101:DEBUG:Multiply: 20 * 50 = 1000
2023-08-24 15:17:52,101:DEBUG:Division: 20 / 50 = 0.4
2023-08-24 15:17:52,101:DEBUG:Adding: 20 + 50 = 70
2023-08-24 15:17:52,101:DEBUG:Naming: Burak Zaifoðlu
